// Jest Snapshot v1, https://goo.gl/fbAQLP

exports[`<TicketSalesStatus /> should render 1`] = `
<TicketSalesStatus
  displayStatus="On Sale"
  iconColor="ui-green"
  iconType="status-dot-chunky"
>
  <div
    className="eds-g-cell eds-l-mar-right-3"
  >
    <Icon
      className="eds-show-up-mn eds-ticket-card-status-icon eds-l-mar-right-1"
      color="ui-green"
      size="xsmall"
      type="status-dot-chunky"
    >
      <VectorImage
        color="ui-green"
        size="xsmall"
        svg={
          <VectorIcon
            type="status-dot-chunky"
          />
        }
        type="icon"
      >
        <i
          aria-hidden={true}
          className="eds-vector-image eds-icon--xsmall eds-vector-image--ui-green"
          data-spec="icon"
        >
          <VectorIcon
            type="status-dot-chunky"
          >
            <svg
              dangerouslySetInnerHTML={
                Object {
                  "__html": "
    <circle cx=\\"12\\" cy=\\"12\\" r=\\"3\\"/>
",
                }
              }
              id="eds-icon--alert-chunky_svg"
              viewBox="0 0 24 24"
              xmlns="http://www.w3.org/2000/svg"
            />
          </VectorIcon>
        </i>
      </VectorImage>
    </Icon>
    <span>
      On Sale
    </span>
  </div>
</TicketSalesStatus>
`;
